<?xml version="1.0"?>
<link_info>
   <banner>TMS320C55x Linker PC v4.4.1</banner>
   <copyright>Copyright (c) 1996-2012 Texas Instruments Incorporated</copyright>
   <link_time>0x6a254ce4</link_time>
   <output_file>Audio Transmission.out</output_file>
   <entry_point>
      <name>_c_int00</name>
      <address>0x2613e</address>
   </entry_point>
   <input_file_list>
      <input_file id="fl-2">
         <path>.\</path>
         <kind>object</kind>
         <file>PLL.obj</file>
         <name>PLL.obj</name>
      </input_file>
      <input_file id="fl-3">
         <path>.\</path>
         <kind>object</kind>
         <file>aic3204.obj</file>
         <name>aic3204.obj</name>
      </input_file>
      <input_file id="fl-4">
         <path>.\</path>
         <kind>object</kind>
         <file>aic3204_init.obj</file>
         <name>aic3204_init.obj</name>
      </input_file>
      <input_file id="fl-5">
         <path>.\</path>
         <kind>object</kind>
         <file>bargraph5515.obj</file>
         <name>bargraph5515.obj</name>
      </input_file>
      <input_file id="fl-6">
         <path>.\</path>
         <kind>object</kind>
         <file>main.obj</file>
         <name>main.obj</name>
      </input_file>
      <input_file id="fl-7">
         <path>.\</path>
         <kind>object</kind>
         <file>oled5515.obj</file>
         <name>oled5515.obj</name>
      </input_file>
      <input_file id="fl-8">
         <path>.\</path>
         <kind>object</kind>
         <file>pushbuttons5515.obj</file>
         <name>pushbuttons5515.obj</name>
      </input_file>
      <input_file id="fl-9">
         <path>.\</path>
         <kind>object</kind>
         <file>stereo.obj</file>
         <name>stereo.obj</name>
      </input_file>
      <input_file id="fl-a">
         <path>.\</path>
         <kind>object</kind>
         <file>usbstk5515.obj</file>
         <name>usbstk5515.obj</name>
      </input_file>
      <input_file id="fl-b">
         <path>.\</path>
         <kind>object</kind>
         <file>usbstk5515_gpio.obj</file>
         <name>usbstk5515_gpio.obj</name>
      </input_file>
      <input_file id="fl-c">
         <path>.\</path>
         <kind>object</kind>
         <file>usbstk5515_i2c.obj</file>
         <name>usbstk5515_i2c.obj</name>
      </input_file>
      <input_file id="fl-d">
         <path>.\</path>
         <kind>object</kind>
         <file>usbstk5515_led.obj</file>
         <name>usbstk5515_led.obj</name>
      </input_file>
      <input_file id="fl-13">
         <path>..\</path>
         <kind>archive</kind>
         <file>CSLc55x5h.lib</file>
         <name>csl_pll.obj</name>
      </input_file>
      <input_file id="fl-14">
         <path>D:\ccs\tools\compiler\c5500_4.4.1\lib\</path>
         <kind>archive</kind>
         <file>rts55h.lib</file>
         <name>boot.obj</name>
      </input_file>
      <input_file id="fl-15">
         <path>D:\ccs\tools\compiler\c5500_4.4.1\lib\</path>
         <kind>archive</kind>
         <file>rts55h.lib</file>
         <name>exit.obj</name>
      </input_file>
      <input_file id="fl-16">
         <path>D:\ccs\tools\compiler\c5500_4.4.1\lib\</path>
         <kind>archive</kind>
         <file>rts55h.lib</file>
         <name>fputs.obj</name>
      </input_file>
      <input_file id="fl-17">
         <path>D:\ccs\tools\compiler\c5500_4.4.1\lib\</path>
         <kind>archive</kind>
         <file>rts55h.lib</file>
         <name>lowlev.obj</name>
      </input_file>
      <input_file id="fl-18">
         <path>D:\ccs\tools\compiler\c5500_4.4.1\lib\</path>
         <kind>archive</kind>
         <file>rts55h.lib</file>
         <name>memcpy.obj</name>
      </input_file>
      <input_file id="fl-19">
         <path>D:\ccs\tools\compiler\c5500_4.4.1\lib\</path>
         <kind>archive</kind>
         <file>rts55h.lib</file>
         <name>printf.obj</name>
      </input_file>
      <input_file id="fl-1a">
         <path>D:\ccs\tools\compiler\c5500_4.4.1\lib\</path>
         <kind>archive</kind>
         <file>rts55h.lib</file>
         <name>trgdrv.obj</name>
      </input_file>
      <input_file id="fl-1b">
         <path>D:\ccs\tools\compiler\c5500_4.4.1\lib\</path>
         <kind>archive</kind>
         <file>rts55h.lib</file>
         <name>trgmsg.obj</name>
      </input_file>
      <input_file id="fl-1c">
         <path>D:\ccs\tools\compiler\c5500_4.4.1\lib\</path>
         <kind>archive</kind>
         <file>rts55h.lib</file>
         <name>vectors.obj</name>
      </input_file>
      <input_file id="fl-1d">
         <path>D:\ccs\tools\compiler\c5500_4.4.1\lib\</path>
         <kind>archive</kind>
         <file>rts55h.lib</file>
         <name>_io_perm.obj</name>
      </input_file>
      <input_file id="fl-1e">
         <path>D:\ccs\tools\compiler\c5500_4.4.1\lib\</path>
         <kind>archive</kind>
         <file>rts55h.lib</file>
         <name>_lock.obj</name>
      </input_file>
      <input_file id="fl-1f">
         <path>D:\ccs\tools\compiler\c5500_4.4.1\lib\</path>
         <kind>archive</kind>
         <file>rts55h.lib</file>
         <name>_printfi.obj</name>
      </input_file>
      <input_file id="fl-20">
         <path>D:\ccs\tools\compiler\c5500_4.4.1\lib\</path>
         <kind>archive</kind>
         <file>rts55h.lib</file>
         <name>args_main.obj</name>
      </input_file>
      <input_file id="fl-21">
         <path>D:\ccs\tools\compiler\c5500_4.4.1\lib\</path>
         <kind>archive</kind>
         <file>rts55h.lib</file>
         <name>atoi.obj</name>
      </input_file>
      <input_file id="fl-22">
         <path>D:\ccs\tools\compiler\c5500_4.4.1\lib\</path>
         <kind>archive</kind>
         <file>rts55h.lib</file>
         <name>autoinit.obj</name>
      </input_file>
      <input_file id="fl-23">
         <path>D:\ccs\tools\compiler\c5500_4.4.1\lib\</path>
         <kind>archive</kind>
         <file>rts55h.lib</file>
         <name>cmpd.obj</name>
      </input_file>
      <input_file id="fl-24">
         <path>D:\ccs\tools\compiler\c5500_4.4.1\lib\</path>
         <kind>archive</kind>
         <file>rts55h.lib</file>
         <name>ctype.obj</name>
      </input_file>
      <input_file id="fl-25">
         <path>D:\ccs\tools\compiler\c5500_4.4.1\lib\</path>
         <kind>archive</kind>
         <file>rts55h.lib</file>
         <name>defs.obj</name>
      </input_file>
      <input_file id="fl-26">
         <path>D:\ccs\tools\compiler\c5500_4.4.1\lib\</path>
         <kind>archive</kind>
         <file>rts55h.lib</file>
         <name>divd.obj</name>
      </input_file>
      <input_file id="fl-27">
         <path>D:\ccs\tools\compiler\c5500_4.4.1\lib\</path>
         <kind>archive</kind>
         <file>rts55h.lib</file>
         <name>divul.obj</name>
      </input_file>
      <input_file id="fl-28">
         <path>D:\ccs\tools\compiler\c5500_4.4.1\lib\</path>
         <kind>archive</kind>
         <file>rts55h.lib</file>
         <name>fflush.obj</name>
      </input_file>
      <input_file id="fl-29">
         <path>D:\ccs\tools\compiler\c5500_4.4.1\lib\</path>
         <kind>archive</kind>
         <file>rts55h.lib</file>
         <name>fixdi.obj</name>
      </input_file>
      <input_file id="fl-2a">
         <path>D:\ccs\tools\compiler\c5500_4.4.1\lib\</path>
         <kind>archive</kind>
         <file>rts55h.lib</file>
         <name>fixdli.obj</name>
      </input_file>
      <input_file id="fl-2b">
         <path>D:\ccs\tools\compiler\c5500_4.4.1\lib\</path>
         <kind>archive</kind>
         <file>rts55h.lib</file>
         <name>fltlid.obj</name>
      </input_file>
      <input_file id="fl-2c">
         <path>D:\ccs\tools\compiler\c5500_4.4.1\lib\</path>
         <kind>archive</kind>
         <file>rts55h.lib</file>
         <name>fputc.obj</name>
      </input_file>
      <input_file id="fl-2d">
         <path>D:\ccs\tools\compiler\c5500_4.4.1\lib\</path>
         <kind>archive</kind>
         <file>rts55h.lib</file>
         <name>frcmpyd_div.obj</name>
      </input_file>
      <input_file id="fl-2e">
         <path>D:\ccs\tools\compiler\c5500_4.4.1\lib\</path>
         <kind>archive</kind>
         <file>rts55h.lib</file>
         <name>fseek.obj</name>
      </input_file>
      <input_file id="fl-2f">
         <path>D:\ccs\tools\compiler\c5500_4.4.1\lib\</path>
         <kind>archive</kind>
         <file>rts55h.lib</file>
         <name>isinf.obj</name>
      </input_file>
      <input_file id="fl-30">
         <path>D:\ccs\tools\compiler\c5500_4.4.1\lib\</path>
         <kind>archive</kind>
         <file>rts55h.lib</file>
         <name>llmpy.obj</name>
      </input_file>
      <input_file id="fl-31">
         <path>D:\ccs\tools\compiler\c5500_4.4.1\lib\</path>
         <kind>archive</kind>
         <file>rts55h.lib</file>
         <name>lmpy.obj</name>
      </input_file>
      <input_file id="fl-32">
         <path>D:\ccs\tools\compiler\c5500_4.4.1\lib\</path>
         <kind>archive</kind>
         <file>rts55h.lib</file>
         <name>ltoa.obj</name>
      </input_file>
      <input_file id="fl-33">
         <path>D:\ccs\tools\compiler\c5500_4.4.1\lib\</path>
         <kind>archive</kind>
         <file>rts55h.lib</file>
         <name>memccpy.obj</name>
      </input_file>
      <input_file id="fl-34">
         <path>D:\ccs\tools\compiler\c5500_4.4.1\lib\</path>
         <kind>archive</kind>
         <file>rts55h.lib</file>
         <name>mpyd.obj</name>
      </input_file>
      <input_file id="fl-35">
         <path>D:\ccs\tools\compiler\c5500_4.4.1\lib\</path>
         <kind>archive</kind>
         <file>rts55h.lib</file>
         <name>negd.obj</name>
      </input_file>
      <input_file id="fl-36">
         <path>D:\ccs\tools\compiler\c5500_4.4.1\lib\</path>
         <kind>archive</kind>
         <file>rts55h.lib</file>
         <name>remli.obj</name>
      </input_file>
      <input_file id="fl-37">
         <path>D:\ccs\tools\compiler\c5500_4.4.1\lib\</path>
         <kind>archive</kind>
         <file>rts55h.lib</file>
         <name>remul.obj</name>
      </input_file>
      <input_file id="fl-38">
         <path>D:\ccs\tools\compiler\c5500_4.4.1\lib\</path>
         <kind>archive</kind>
         <file>rts55h.lib</file>
         <name>setvbuf.obj</name>
      </input_file>
      <input_file id="fl-39">
         <path>D:\ccs\tools\compiler\c5500_4.4.1\lib\</path>
         <kind>archive</kind>
         <file>rts55h.lib</file>
         <name>subd.obj</name>
      </input_file>
      <input_file id="fl-3a">
         <path>D:\ccs\tools\compiler\c5500_4.4.1\lib\</path>
         <kind>archive</kind>
         <file>rts55h.lib</file>
         <name>udiv.obj</name>
      </input_file>
      <input_file id="fl-3b">
         <path>D:\ccs\tools\compiler\c5500_4.4.1\lib\</path>
         <kind>archive</kind>
         <file>rts55h.lib</file>
         <name>addd.obj</name>
      </input_file>
      <input_file id="fl-3c">
         <path>D:\ccs\tools\compiler\c5500_4.4.1\lib\</path>
         <kind>archive</kind>
         <file>rts55h.lib</file>
         <name>divli.obj</name>
      </input_file>
      <input_file id="fl-3d">
         <path>D:\ccs\tools\compiler\c5500_4.4.1\lib\</path>
         <kind>archive</kind>
         <file>rts55h.lib</file>
         <name>fopen.obj</name>
      </input_file>
      <input_file id="fl-3e">
         <path>D:\ccs\tools\compiler\c5500_4.4.1\lib\</path>
         <kind>archive</kind>
         <file>rts55h.lib</file>
         <name>frcmpyd.obj</name>
      </input_file>
      <input_file id="fl-3f">
         <path>D:\ccs\tools\compiler\c5500_4.4.1\lib\</path>
         <kind>archive</kind>
         <file>rts55h.lib</file>
         <name>memory.obj</name>
      </input_file>
      <input_file id="fl-40">
         <path>D:\ccs\tools\compiler\c5500_4.4.1\lib\</path>
         <kind>archive</kind>
         <file>rts55h.lib</file>
         <name>fclose.obj</name>
      </input_file>
      <input_file id="fl-41">
         <path>D:\ccs\tools\compiler\c5500_4.4.1\lib\</path>
         <kind>archive</kind>
         <file>rts55h.lib</file>
         <name>remove.obj</name>
      </input_file>
   </input_file_list>
   <object_component_list>
      <object_component id="oc-98">
         <name>.text</name>
         <load_address>0x20000</load_address>
         <run_address>0x20000</run_address>
         <size>0x1533</size>
         <input_file_ref idref="fl-1f"/>
      </object_component>
      <object_component id="oc-33">
         <name>.text</name>
         <load_address>0x21533</load_address>
         <run_address>0x21533</run_address>
         <size>0x965</size>
         <input_file_ref idref="fl-7"/>
      </object_component>
      <object_component id="oc-7f">
         <name>.text</name>
         <load_address>0x21e98</load_address>
         <run_address>0x21e98</run_address>
         <size>0x538</size>
         <input_file_ref idref="fl-1a"/>
      </object_component>
      <object_component id="oc-11b">
         <name>.text</name>
         <load_address>0x223d0</load_address>
         <run_address>0x223d0</run_address>
         <size>0x533</size>
         <input_file_ref idref="fl-3f"/>
      </object_component>
      <object_component id="oc-20">
         <name>.text</name>
         <load_address>0x22903</load_address>
         <run_address>0x22903</run_address>
         <size>0x522</size>
         <input_file_ref idref="fl-4"/>
      </object_component>
      <object_component id="oc-71">
         <name>.text</name>
         <load_address>0x22e25</load_address>
         <run_address>0x22e25</run_address>
         <size>0x518</size>
         <input_file_ref idref="fl-17"/>
      </object_component>
      <object_component id="oc-b4">
         <name>.text</name>
         <load_address>0x2333d</load_address>
         <run_address>0x2333d</run_address>
         <size>0x3c7</size>
         <input_file_ref idref="fl-26"/>
      </object_component>
      <object_component id="oc-12">
         <name>.text</name>
         <load_address>0x23704</load_address>
         <run_address>0x23704</run_address>
         <size>0x340</size>
         <input_file_ref idref="fl-2"/>
      </object_component>
      <object_component id="oc-3a">
         <name>.text</name>
         <load_address>0x23a44</load_address>
         <run_address>0x23a44</run_address>
         <size>0x2b6</size>
         <input_file_ref idref="fl-8"/>
      </object_component>
      <object_component id="oc-5c">
         <name>.text</name>
         <load_address>0x23cfa</load_address>
         <run_address>0x23cfa</run_address>
         <size>0x2ad</size>
         <input_file_ref idref="fl-13"/>
      </object_component>
      <object_component id="oc-2b">
         <name>.text</name>
         <load_address>0x23fa7</load_address>
         <run_address>0x23fa7</run_address>
         <size>0x2a5</size>
         <input_file_ref idref="fl-6"/>
      </object_component>
      <object_component id="oc-111">
         <name>.text</name>
         <load_address>0x2424c</load_address>
         <run_address>0x2424c</run_address>
         <size>0x26c</size>
         <input_file_ref idref="fl-3d"/>
      </object_component>
      <object_component id="oc-26">
         <name>.text</name>
         <load_address>0x244b8</load_address>
         <run_address>0x244b8</run_address>
         <size>0x25c</size>
         <input_file_ref idref="fl-5"/>
      </object_component>
      <object_component id="oc-dd">
         <name>.text</name>
         <load_address>0x24714</load_address>
         <run_address>0x24714</run_address>
         <size>0x25c</size>
         <input_file_ref idref="fl-30"/>
      </object_component>
      <object_component id="oc-109">
         <name>.text</name>
         <load_address>0x24970</load_address>
         <run_address>0x24970</run_address>
         <size>0x257</size>
         <input_file_ref idref="fl-3b"/>
      </object_component>
      <object_component id="oc-aa">
         <name>.text</name>
         <load_address>0x24bc7</load_address>
         <run_address>0x24bc7</run_address>
         <size>0x1ea</size>
         <input_file_ref idref="fl-23"/>
      </object_component>
      <object_component id="oc-57">
         <name>.text</name>
         <load_address>0x24db1</load_address>
         <run_address>0x24db1</run_address>
         <size>0x1c9</size>
         <input_file_ref idref="fl-d"/>
      </object_component>
      <object_component id="oc-6c">
         <name>.text</name>
         <load_address>0x24f7a</load_address>
         <run_address>0x24f7a</run_address>
         <size>0x17b</size>
         <input_file_ref idref="fl-16"/>
      </object_component>
      <object_component id="oc-4b">
         <name>.text</name>
         <load_address>0x250f5</load_address>
         <run_address>0x250f5</run_address>
         <size>0x156</size>
         <input_file_ref idref="fl-b"/>
      </object_component>
      <object_component id="oc-ed">
         <name>.text</name>
         <load_address>0x2524b</load_address>
         <run_address>0x2524b</run_address>
         <size>0x14b</size>
         <input_file_ref idref="fl-34"/>
      </object_component>
      <object_component id="oc-50">
         <name>.text</name>
         <load_address>0x25396</load_address>
         <run_address>0x25396</run_address>
         <size>0x13e</size>
         <input_file_ref idref="fl-c"/>
      </object_component>
      <object_component id="oc-1a">
         <name>.text</name>
         <load_address>0x254d4</load_address>
         <run_address>0x254d4</run_address>
         <size>0x13b</size>
         <input_file_ref idref="fl-3"/>
      </object_component>
      <object_component id="oc-fd">
         <name>.text</name>
         <load_address>0x2560f</load_address>
         <run_address>0x2560f</run_address>
         <size>0xf3</size>
         <input_file_ref idref="fl-38"/>
      </object_component>
      <object_component id="oc-8e">
         <name>.text</name>
         <load_address>0x25702</load_address>
         <run_address>0x25702</run_address>
         <size>0xda</size>
         <input_file_ref idref="fl-1d"/>
      </object_component>
      <object_component id="oc-87">
         <name>.text:CIO_breakpoint</name>
         <load_address>0x257dc</load_address>
         <run_address>0x257dc</run_address>
         <size>0xbe</size>
         <input_file_ref idref="fl-1b"/>
      </object_component>
      <object_component id="oc-bc">
         <name>.text</name>
         <load_address>0x2589a</load_address>
         <run_address>0x2589a</run_address>
         <size>0xba</size>
         <input_file_ref idref="fl-28"/>
      </object_component>
      <object_component id="oc-cd">
         <name>.text</name>
         <load_address>0x25954</load_address>
         <run_address>0x25954</run_address>
         <size>0xa2</size>
         <input_file_ref idref="fl-2c"/>
      </object_component>
      <object_component id="oc-b8">
         <name>.text</name>
         <load_address>0x259f6</load_address>
         <run_address>0x259f6</run_address>
         <size>0xa0</size>
         <input_file_ref idref="fl-27"/>
      </object_component>
      <object_component id="oc-e5">
         <name>.text</name>
         <load_address>0x25a96</load_address>
         <run_address>0x25a96</run_address>
         <size>0x79</size>
         <input_file_ref idref="fl-32"/>
      </object_component>
      <object_component id="oc-122">
         <name>.text</name>
         <load_address>0x25b0f</load_address>
         <run_address>0x25b0f</run_address>
         <size>0x76</size>
         <input_file_ref idref="fl-40"/>
      </object_component>
      <object_component id="oc-117">
         <name>.text</name>
         <load_address>0x25b85</load_address>
         <run_address>0x25b85</run_address>
         <size>0x76</size>
         <input_file_ref idref="fl-3e"/>
      </object_component>
      <object_component id="oc-d1">
         <name>.text</name>
         <load_address>0x25bfb</load_address>
         <run_address>0x25bfb</run_address>
         <size>0x73</size>
         <input_file_ref idref="fl-2d"/>
      </object_component>
      <object_component id="oc-f9">
         <name>.text</name>
         <load_address>0x25c6e</load_address>
         <run_address>0x25c6e</run_address>
         <size>0x70</size>
         <input_file_ref idref="fl-37"/>
      </object_component>
      <object_component id="oc-c4">
         <name>.text</name>
         <load_address>0x25cde</load_address>
         <run_address>0x25cde</run_address>
         <size>0x6e</size>
         <input_file_ref idref="fl-2a"/>
      </object_component>
      <object_component id="oc-84">
         <name>.text</name>
         <load_address>0x25d4c</load_address>
         <run_address>0x25d4c</run_address>
         <size>0x6b</size>
         <input_file_ref idref="fl-1b"/>
      </object_component>
      <object_component id="oc-d5">
         <name>.text</name>
         <load_address>0x25db7</load_address>
         <run_address>0x25db7</run_address>
         <size>0x68</size>
         <input_file_ref idref="fl-2e"/>
      </object_component>
      <object_component id="oc-c8">
         <name>.text</name>
         <load_address>0x25e1f</load_address>
         <run_address>0x25e1f</run_address>
         <size>0x67</size>
         <input_file_ref idref="fl-2b"/>
      </object_component>
      <object_component id="oc-a2">
         <name>.text</name>
         <load_address>0x25e86</load_address>
         <run_address>0x25e86</run_address>
         <size>0x59</size>
         <input_file_ref idref="fl-21"/>
      </object_component>
      <object_component id="oc-77">
         <name>.text</name>
         <load_address>0x25edf</load_address>
         <run_address>0x25edf</run_address>
         <size>0x56</size>
         <input_file_ref idref="fl-18"/>
      </object_component>
      <object_component id="oc-46">
         <name>.text</name>
         <load_address>0x25f35</load_address>
         <run_address>0x25f35</run_address>
         <size>0x54</size>
         <input_file_ref idref="fl-a"/>
      </object_component>
      <object_component id="oc-7b">
         <name>.text</name>
         <load_address>0x25f89</load_address>
         <run_address>0x25f89</run_address>
         <size>0x4e</size>
         <input_file_ref idref="fl-19"/>
      </object_component>
      <object_component id="oc-a6">
         <name>.text</name>
         <load_address>0x25fd7</load_address>
         <run_address>0x25fd7</run_address>
         <size>0x4d</size>
         <input_file_ref idref="fl-22"/>
      </object_component>
      <object_component id="oc-f5">
         <name>.text</name>
         <load_address>0x26024</load_address>
         <run_address>0x26024</run_address>
         <size>0x4b</size>
         <input_file_ref idref="fl-36"/>
      </object_component>
      <object_component id="oc-9e">
         <name>.text</name>
         <load_address>0x2606f</load_address>
         <run_address>0x2606f</run_address>
         <size>0x49</size>
         <input_file_ref idref="fl-20"/>
      </object_component>
      <object_component id="oc-10d">
         <name>.text</name>
         <load_address>0x260b8</load_address>
         <run_address>0x260b8</run_address>
         <size>0x48</size>
         <input_file_ref idref="fl-3c"/>
      </object_component>
      <object_component id="oc-65">
         <name>.text</name>
         <load_address>0x26100</load_address>
         <run_address>0x26100</run_address>
         <size>0x3e</size>
         <input_file_ref idref="fl-15"/>
      </object_component>
      <object_component id="oc-10">
         <name>.text</name>
         <load_address>0x2613e</load_address>
         <run_address>0x2613e</run_address>
         <size>0x34</size>
         <input_file_ref idref="fl-14"/>
      </object_component>
      <object_component id="oc-c0">
         <name>.text</name>
         <load_address>0x26172</load_address>
         <run_address>0x26172</run_address>
         <size>0x2a</size>
         <input_file_ref idref="fl-29"/>
      </object_component>
      <object_component id="oc-105">
         <name>.text</name>
         <load_address>0x2619c</load_address>
         <run_address>0x2619c</run_address>
         <size>0x2a</size>
         <input_file_ref idref="fl-3a"/>
      </object_component>
      <object_component id="oc-e9">
         <name>.text</name>
         <load_address>0x261c6</load_address>
         <run_address>0x261c6</run_address>
         <size>0x22</size>
         <input_file_ref idref="fl-33"/>
      </object_component>
      <object_component id="oc-41">
         <name>.text</name>
         <load_address>0x261e8</load_address>
         <run_address>0x261e8</run_address>
         <size>0x1c</size>
         <input_file_ref idref="fl-9"/>
      </object_component>
      <object_component id="oc-d9">
         <name>.text</name>
         <load_address>0x26204</load_address>
         <run_address>0x26204</run_address>
         <size>0x1a</size>
         <input_file_ref idref="fl-2f"/>
      </object_component>
      <object_component id="oc-101">
         <name>.text</name>
         <load_address>0x2621e</load_address>
         <run_address>0x2621e</run_address>
         <size>0x14</size>
         <input_file_ref idref="fl-39"/>
      </object_component>
      <object_component id="oc-e1">
         <name>.text</name>
         <load_address>0x26232</load_address>
         <run_address>0x26232</run_address>
         <size>0x13</size>
         <input_file_ref idref="fl-31"/>
      </object_component>
      <object_component id="oc-92">
         <name>.text</name>
         <load_address>0x26245</load_address>
         <run_address>0x26245</run_address>
         <size>0x12</size>
         <input_file_ref idref="fl-1e"/>
      </object_component>
      <object_component id="oc-f1">
         <name>.text</name>
         <load_address>0x26257</load_address>
         <run_address>0x26257</run_address>
         <size>0x10</size>
         <input_file_ref idref="fl-35"/>
      </object_component>
      <object_component id="oc-126">
         <name>.text</name>
         <load_address>0x26267</load_address>
         <run_address>0x26267</run_address>
         <size>0xa</size>
         <input_file_ref idref="fl-41"/>
      </object_component>
      <object_component id="oc-69">
         <name>.text:CIO_breakpoint</name>
         <load_address>0x26271</load_address>
         <run_address>0x26271</run_address>
         <size>0x7</size>
         <input_file_ref idref="fl-15"/>
      </object_component>
      <object_component id="oc-8a">
         <name>.text</name>
         <load_address>0x26278</load_address>
         <run_address>0x26278</run_address>
         <size>0x2</size>
         <input_file_ref idref="fl-1c"/>
      </object_component>
      <object_component id="oc-61">
         <name>.stack</name>
         <uninitialized>true</uninitialized>
         <run_address>0xc0</run_address>
         <size>0x0</size>
         <input_file_ref idref="fl-14"/>
      </object_component>
      <object_component id="oc-144">
         <name>.stack</name>
         <uninitialized>true</uninitialized>
         <run_address>0xc0</run_address>
         <size>0x0</size>
      </object_component>
      <object_component id="oc-12a">
         <name>.sysstack</name>
         <uninitialized>true</uninitialized>
         <run_address>0x20c0</run_address>
         <size>0x0</size>
         <input_file_ref idref="fl-14"/>
      </object_component>
      <object_component id="oc-146">
         <name>.sysstack</name>
         <uninitialized>true</uninitialized>
         <run_address>0x20c0</run_address>
         <size>0x0</size>
      </object_component>
      <object_component id="oc-34">
         <name>.bss</name>
         <uninitialized>true</uninitialized>
         <run_address>0x5fcc</run_address>
         <size>0x544</size>
         <input_file_ref idref="fl-7"/>
      </object_component>
      <object_component id="oc-b0">
         <name>.bss</name>
         <uninitialized>true</uninitialized>
         <run_address>0x6510</run_address>
         <size>0x232</size>
         <input_file_ref idref="fl-25"/>
      </object_component>
      <object_component id="oc-80">
         <name>.bss</name>
         <uninitialized>true</uninitialized>
         <run_address>0x6742</run_address>
         <size>0x1a0</size>
         <input_file_ref idref="fl-1a"/>
      </object_component>
      <object_component id="oc-112">
         <name>.bss</name>
         <uninitialized>true</uninitialized>
         <run_address>0x68e2</run_address>
         <size>0x2</size>
         <input_file_ref idref="fl-3d"/>
      </object_component>
      <object_component id="oc-72">
         <name>.bss</name>
         <uninitialized>true</uninitialized>
         <run_address>0x68e4</run_address>
         <size>0xe2</size>
         <input_file_ref idref="fl-17"/>
      </object_component>
      <object_component id="oc-51">
         <name>.bss</name>
         <uninitialized>true</uninitialized>
         <run_address>0x69c6</run_address>
         <size>0x2</size>
         <input_file_ref idref="fl-c"/>
      </object_component>
      <object_component id="oc-13">
         <name>.bss</name>
         <uninitialized>true</uninitialized>
         <run_address>0x69c8</run_address>
         <size>0x6c</size>
         <input_file_ref idref="fl-2"/>
      </object_component>
      <object_component id="oc-3b">
         <name>.bss</name>
         <uninitialized>true</uninitialized>
         <run_address>0x6a34</run_address>
         <size>0x18</size>
         <input_file_ref idref="fl-8"/>
      </object_component>
      <object_component id="oc-2c">
         <name>.bss</name>
         <uninitialized>true</uninitialized>
         <run_address>0x6a4c</run_address>
         <size>0x16</size>
         <input_file_ref idref="fl-6"/>
      </object_component>
      <object_component id="oc-11c">
         <name>.bss</name>
         <uninitialized>true</uninitialized>
         <run_address>0x6a64</run_address>
         <size>0xe</size>
         <input_file_ref idref="fl-3f"/>
      </object_component>
      <object_component id="oc-93">
         <name>.bss</name>
         <uninitialized>true</uninitialized>
         <run_address>0x6a74</run_address>
         <size>0x8</size>
         <input_file_ref idref="fl-1e"/>
      </object_component>
      <object_component id="oc-66">
         <name>.bss</name>
         <uninitialized>true</uninitialized>
         <run_address>0x6a7c</run_address>
         <size>0x8</size>
         <input_file_ref idref="fl-15"/>
      </object_component>
      <object_component id="oc-1b">
         <name>.bss</name>
         <uninitialized>true</uninitialized>
         <run_address>0x6a84</run_address>
         <size>0x4</size>
         <input_file_ref idref="fl-3"/>
      </object_component>
      <object_component id="oc-2f">
         <name>.const:.string</name>
         <load_address>0x50c0</load_address>
         <run_address>0x50c0</run_address>
         <size>0x53c</size>
         <input_file_ref idref="fl-6"/>
      </object_component>
      <object_component id="oc-16">
         <name>.const:.string</name>
         <load_address>0x55fc</load_address>
         <run_address>0x55fc</run_address>
         <size>0x46c</size>
         <input_file_ref idref="fl-2"/>
      </object_component>
      <object_component id="oc-22">
         <name>.const:.string</name>
         <load_address>0x5a68</load_address>
         <run_address>0x5a68</run_address>
         <size>0x2e8</size>
         <input_file_ref idref="fl-4"/>
      </object_component>
      <object_component id="oc-12b">
         <name>.const:__ctypes_</name>
         <load_address>0x5d50</load_address>
         <run_address>0x5d50</run_address>
         <size>0x202</size>
         <input_file_ref idref="fl-24"/>
      </object_component>
      <object_component id="oc-9b">
         <name>.const:.string</name>
         <load_address>0x5f54</load_address>
         <run_address>0x5f54</run_address>
         <size>0x48</size>
         <input_file_ref idref="fl-1f"/>
      </object_component>
      <object_component id="oc-9a">
         <name>.const</name>
         <load_address>0x5f9c</load_address>
         <run_address>0x5f9c</run_address>
         <size>0x18</size>
         <input_file_ref idref="fl-1f"/>
      </object_component>
      <object_component id="oc-12c">
         <name>.const:_initial_approx$1</name>
         <load_address>0x5fb4</load_address>
         <run_address>0x5fb4</run_address>
         <size>0x10</size>
         <input_file_ref idref="fl-26"/>
      </object_component>
      <object_component id="oc-6e">
         <name>.const:.string</name>
         <load_address>0x5fc4</load_address>
         <run_address>0x5fc4</run_address>
         <size>0x4</size>
         <input_file_ref idref="fl-16"/>
      </object_component>
      <object_component id="oc-ca">
         <name>.const</name>
         <load_address>0x5fc8</load_address>
         <run_address>0x5fc8</run_address>
         <size>0x4</size>
         <input_file_ref idref="fl-2b"/>
      </object_component>
      <object_component id="oc-11f">
         <name>.sysmem</name>
         <uninitialized>true</uninitialized>
         <run_address>0x30c0</run_address>
         <size>0x0</size>
         <input_file_ref idref="fl-3f"/>
      </object_component>
      <object_component id="oc-145">
         <name>.sysmem</name>
         <uninitialized>true</uninitialized>
         <run_address>0x30c0</run_address>
         <size>0x0</size>
      </object_component>
      <object_component id="oc-36">
         <name>.cinit</name>
         <load_address>0x40000</load_address>
         <run_address>0x40000</run_address>
         <size>0x556</size>
         <input_file_ref idref="fl-7"/>
      </object_component>
      <object_component id="oc-15">
         <name>.cinit</name>
         <load_address>0x40556</load_address>
         <run_address>0x40556</run_address>
         <size>0x8c</size>
         <input_file_ref idref="fl-2"/>
      </object_component>
      <object_component id="oc-74">
         <name>.cinit</name>
         <load_address>0x405e2</load_address>
         <run_address>0x405e2</run_address>
         <size>0x5a</size>
         <input_file_ref idref="fl-17"/>
      </object_component>
      <object_component id="oc-b2">
         <name>.cinit</name>
         <load_address>0x4063c</load_address>
         <run_address>0x4063c</run_address>
         <size>0x54</size>
         <input_file_ref idref="fl-25"/>
      </object_component>
      <object_component id="oc-3d">
         <name>.cinit</name>
         <load_address>0x40690</load_address>
         <run_address>0x40690</run_address>
         <size>0x48</size>
         <input_file_ref idref="fl-8"/>
      </object_component>
      <object_component id="oc-2e">
         <name>.cinit</name>
         <load_address>0x406d8</load_address>
         <run_address>0x406d8</run_address>
         <size>0x24</size>
         <input_file_ref idref="fl-6"/>
      </object_component>
      <object_component id="oc-95">
         <name>.cinit</name>
         <load_address>0x406fc</load_address>
         <run_address>0x406fc</run_address>
         <size>0x14</size>
         <input_file_ref idref="fl-1e"/>
      </object_component>
      <object_component id="oc-68">
         <name>.cinit</name>
         <load_address>0x40710</load_address>
         <run_address>0x40710</run_address>
         <size>0x14</size>
         <input_file_ref idref="fl-15"/>
      </object_component>
      <object_component id="oc-114">
         <name>.cinit</name>
         <load_address>0x40724</load_address>
         <run_address>0x40724</run_address>
         <size>0x8</size>
         <input_file_ref idref="fl-3d"/>
      </object_component>
      <object_component id="oc-11e">
         <name>.cinit</name>
         <load_address>0x4072c</load_address>
         <run_address>0x4072c</run_address>
         <size>0x8</size>
         <input_file_ref idref="fl-3f"/>
      </object_component>
      <object_component id="oc-53">
         <name>.cinit</name>
         <load_address>0x40734</load_address>
         <run_address>0x40734</run_address>
         <size>0x8</size>
         <input_file_ref idref="fl-c"/>
      </object_component>
      <object_component id="oc-86">
         <name>.cio</name>
         <uninitialized>true</uninitialized>
         <run_address>0x40740</run_address>
         <size>0x240</size>
         <input_file_ref idref="fl-1b"/>
      </object_component>
      <object_component id="oc-11">
         <name>vectors</name>
         <load_address>0x4fe00</load_address>
         <run_address>0x4fe00</run_address>
         <size>0x100</size>
         <input_file_ref idref="fl-1c"/>
      </object_component>
      <object_component id="oc-14">
         <name>.debug_info</name>
         <load_address>0x0</load_address>
         <run_address>0x0</run_address>
         <size>0x1177</size>
         <input_file_ref idref="fl-2"/>
      </object_component>
      <object_component id="oc-1c">
         <name>.debug_info</name>
         <load_address>0x1177</load_address>
         <run_address>0x1177</run_address>
         <size>0xc77</size>
         <input_file_ref idref="fl-3"/>
      </object_component>
      <object_component id="oc-21">
         <name>.debug_info</name>
         <load_address>0x1dee</load_address>
         <run_address>0x1dee</run_address>
         <size>0xe5c</size>
         <input_file_ref idref="fl-4"/>
      </object_component>
      <object_component id="oc-27">
         <name>.debug_info</name>
         <load_address>0x2c4a</load_address>
         <run_address>0x2c4a</run_address>
         <size>0xb85</size>
         <input_file_ref idref="fl-5"/>
      </object_component>
      <object_component id="oc-2d">
         <name>.debug_info</name>
         <load_address>0x37cf</load_address>
         <run_address>0x37cf</run_address>
         <size>0xe05</size>
         <input_file_ref idref="fl-6"/>
      </object_component>
      <object_component id="oc-35">
         <name>.debug_info</name>
         <load_address>0x45d4</load_address>
         <run_address>0x45d4</run_address>
         <size>0x1d1c</size>
         <input_file_ref idref="fl-7"/>
      </object_component>
      <object_component id="oc-3c">
         <name>.debug_info</name>
         <load_address>0x62f0</load_address>
         <run_address>0x62f0</run_address>
         <size>0x701</size>
         <input_file_ref idref="fl-8"/>
      </object_component>
      <object_component id="oc-42">
         <name>.debug_info</name>
         <load_address>0x69f1</load_address>
         <run_address>0x69f1</run_address>
         <size>0x569</size>
         <input_file_ref idref="fl-9"/>
      </object_component>
      <object_component id="oc-47">
         <name>.debug_info</name>
         <load_address>0x6f5a</load_address>
         <run_address>0x6f5a</run_address>
         <size>0x668</size>
         <input_file_ref idref="fl-a"/>
      </object_component>
      <object_component id="oc-4c">
         <name>.debug_info</name>
         <load_address>0x75c2</load_address>
         <run_address>0x75c2</run_address>
         <size>0x7f9</size>
         <input_file_ref idref="fl-b"/>
      </object_component>
      <object_component id="oc-52">
         <name>.debug_info</name>
         <load_address>0x7dbb</load_address>
         <run_address>0x7dbb</run_address>
         <size>0xb7b</size>
         <input_file_ref idref="fl-c"/>
      </object_component>
      <object_component id="oc-58">
         <name>.debug_info</name>
         <load_address>0x8936</load_address>
         <run_address>0x8936</run_address>
         <size>0xe76</size>
         <input_file_ref idref="fl-d"/>
      </object_component>
      <object_component id="oc-5d">
         <name>.debug_info</name>
         <load_address>0x97ac</load_address>
         <run_address>0x97ac</run_address>
         <size>0x5ff3</size>
         <input_file_ref idref="fl-13"/>
      </object_component>
      <object_component id="oc-62">
         <name>.debug_info</name>
         <load_address>0xf79f</load_address>
         <run_address>0xf79f</run_address>
         <size>0xe8</size>
         <input_file_ref idref="fl-14"/>
      </object_component>
      <object_component id="oc-67">
         <name>.debug_info</name>
         <load_address>0xf887</load_address>
         <run_address>0xf887</run_address>
         <size>0x5fb</size>
         <input_file_ref idref="fl-15"/>
      </object_component>
      <object_component id="oc-6d">
         <name>.debug_info</name>
         <load_address>0xfe82</load_address>
         <run_address>0xfe82</run_address>
         <size>0x942</size>
         <input_file_ref idref="fl-16"/>
      </object_component>
      <object_component id="oc-73">
         <name>.debug_info</name>
         <load_address>0x107c4</load_address>
         <run_address>0x107c4</run_address>
         <size>0x144b</size>
         <input_file_ref idref="fl-17"/>
      </object_component>
      <object_component id="oc-78">
         <name>.debug_info</name>
         <load_address>0x11c0f</load_address>
         <run_address>0x11c0f</run_address>
         <size>0xd1</size>
         <input_file_ref idref="fl-18"/>
      </object_component>
      <object_component id="oc-7c">
         <name>.debug_info</name>
         <load_address>0x11ce0</load_address>
         <run_address>0x11ce0</run_address>
         <size>0x76c</size>
         <input_file_ref idref="fl-19"/>
      </object_component>
      <object_component id="oc-81">
         <name>.debug_info</name>
         <load_address>0x1244c</load_address>
         <run_address>0x1244c</run_address>
         <size>0xed4</size>
         <input_file_ref idref="fl-1a"/>
      </object_component>
      <object_component id="oc-85">
         <name>.debug_info</name>
         <load_address>0x13320</load_address>
         <run_address>0x13320</run_address>
         <size>0x744</size>
         <input_file_ref idref="fl-1b"/>
      </object_component>
      <object_component id="oc-8b">
         <name>.debug_info</name>
         <load_address>0x13a64</load_address>
         <run_address>0x13a64</run_address>
         <size>0xbc</size>
         <input_file_ref idref="fl-1c"/>
      </object_component>
      <object_component id="oc-8f">
         <name>.debug_info</name>
         <load_address>0x13b20</load_address>
         <run_address>0x13b20</run_address>
         <size>0x662</size>
         <input_file_ref idref="fl-1d"/>
      </object_component>
      <object_component id="oc-94">
         <name>.debug_info</name>
         <load_address>0x14182</load_address>
         <run_address>0x14182</run_address>
         <size>0x5bc</size>
         <input_file_ref idref="fl-1e"/>
      </object_component>
      <object_component id="oc-99">
         <name>.debug_info</name>
         <load_address>0x1473e</load_address>
         <run_address>0x1473e</run_address>
         <size>0x27bd</size>
         <input_file_ref idref="fl-1f"/>
      </object_component>
      <object_component id="oc-9f">
         <name>.debug_info</name>
         <load_address>0x16efb</load_address>
         <run_address>0x16efb</run_address>
         <size>0x586</size>
         <input_file_ref idref="fl-20"/>
      </object_component>
      <object_component id="oc-a3">
         <name>.debug_info</name>
         <load_address>0x17481</load_address>
         <run_address>0x17481</run_address>
         <size>0x5a4</size>
         <input_file_ref idref="fl-21"/>
      </object_component>
      <object_component id="oc-a7">
         <name>.debug_info</name>
         <load_address>0x17a25</load_address>
         <run_address>0x17a25</run_address>
         <size>0xcd</size>
         <input_file_ref idref="fl-22"/>
      </object_component>
      <object_component id="oc-ab">
         <name>.debug_info</name>
         <load_address>0x17af2</load_address>
         <run_address>0x17af2</run_address>
         <size>0x81f</size>
         <input_file_ref idref="fl-23"/>
      </object_component>
      <object_component id="oc-ae">
         <name>.debug_info</name>
         <load_address>0x18311</load_address>
         <run_address>0x18311</run_address>
         <size>0x498</size>
         <input_file_ref idref="fl-24"/>
      </object_component>
      <object_component id="oc-b1">
         <name>.debug_info</name>
         <load_address>0x187a9</load_address>
         <run_address>0x187a9</run_address>
         <size>0x57e</size>
         <input_file_ref idref="fl-25"/>
      </object_component>
      <object_component id="oc-b5">
         <name>.debug_info</name>
         <load_address>0x18d27</load_address>
         <run_address>0x18d27</run_address>
         <size>0x7e8</size>
         <input_file_ref idref="fl-26"/>
      </object_component>
      <object_component id="oc-b9">
         <name>.debug_info</name>
         <load_address>0x1950f</load_address>
         <run_address>0x1950f</run_address>
         <size>0x534</size>
         <input_file_ref idref="fl-27"/>
      </object_component>
      <object_component id="oc-bd">
         <name>.debug_info</name>
         <load_address>0x19a43</load_address>
         <run_address>0x19a43</run_address>
         <size>0x706</size>
         <input_file_ref idref="fl-28"/>
      </object_component>
      <object_component id="oc-c1">
         <name>.debug_info</name>
         <load_address>0x1a149</load_address>
         <run_address>0x1a149</run_address>
         <size>0x4cf</size>
         <input_file_ref idref="fl-29"/>
      </object_component>
      <object_component id="oc-c5">
         <name>.debug_info</name>
         <load_address>0x1a618</load_address>
         <run_address>0x1a618</run_address>
         <size>0x534</size>
         <input_file_ref idref="fl-2a"/>
      </object_component>
      <object_component id="oc-c9">
         <name>.debug_info</name>
         <load_address>0x1ab4c</load_address>
         <run_address>0x1ab4c</run_address>
         <size>0x549</size>
         <input_file_ref idref="fl-2b"/>
      </object_component>
      <object_component id="oc-ce">
         <name>.debug_info</name>
         <load_address>0x1b095</load_address>
         <run_address>0x1b095</run_address>
         <size>0x6aa</size>
         <input_file_ref idref="fl-2c"/>
      </object_component>
      <object_component id="oc-d2">
         <name>.debug_info</name>
         <load_address>0x1b73f</load_address>
         <run_address>0x1b73f</run_address>
         <size>0x53e</size>
         <input_file_ref idref="fl-2d"/>
      </object_component>
      <object_component id="oc-d6">
         <name>.debug_info</name>
         <load_address>0x1bc7d</load_address>
         <run_address>0x1bc7d</run_address>
         <size>0x5f7</size>
         <input_file_ref idref="fl-2e"/>
      </object_component>
      <object_component id="oc-da">
         <name>.debug_info</name>
         <load_address>0x1c274</load_address>
         <run_address>0x1c274</run_address>
         <size>0x680</size>
         <input_file_ref idref="fl-2f"/>
      </object_component>
      <object_component id="oc-de">
         <name>.debug_info</name>
         <load_address>0x1c8f4</load_address>
         <run_address>0x1c8f4</run_address>
         <size>0x7d4</size>
         <input_file_ref idref="fl-30"/>
      </object_component>
      <object_component id="oc-e2">
         <name>.debug_info</name>
         <load_address>0x1d0c8</load_address>
         <run_address>0x1d0c8</run_address>
         <size>0xbd</size>
         <input_file_ref idref="fl-31"/>
      </object_component>
      <object_component id="oc-e6">
         <name>.debug_info</name>
         <load_address>0x1d185</load_address>
         <run_address>0x1d185</run_address>
         <size>0x5ad</size>
         <input_file_ref idref="fl-32"/>
      </object_component>
      <object_component id="oc-ea">
         <name>.debug_info</name>
         <load_address>0x1d732</load_address>
         <run_address>0x1d732</run_address>
         <size>0x574</size>
         <input_file_ref idref="fl-33"/>
      </object_component>
      <object_component id="oc-ee">
         <name>.debug_info</name>
         <load_address>0x1dca6</load_address>
         <run_address>0x1dca6</run_address>
         <size>0x55b</size>
         <input_file_ref idref="fl-34"/>
      </object_component>
      <object_component id="oc-f2">
         <name>.debug_info</name>
         <load_address>0x1e201</load_address>
         <run_address>0x1e201</run_address>
         <size>0x4b7</size>
         <input_file_ref idref="fl-35"/>
      </object_component>
      <object_component id="oc-f6">
         <name>.debug_info</name>
         <load_address>0x1e6b8</load_address>
         <run_address>0x1e6b8</run_address>
         <size>0x4f2</size>
         <input_file_ref idref="fl-36"/>
      </object_component>
      <object_component id="oc-fa">
         <name>.debug_info</name>
         <load_address>0x1ebaa</load_address>
         <run_address>0x1ebaa</run_address>
         <size>0x534</size>
         <input_file_ref idref="fl-37"/>
      </object_component>
      <object_component id="oc-fe">
         <name>.debug_info</name>
         <load_address>0x1f0de</load_address>
         <run_address>0x1f0de</run_address>
         <size>0x64a</size>
         <input_file_ref idref="fl-38"/>
      </object_component>
      <object_component id="oc-102">
         <name>.debug_info</name>
         <load_address>0x1f728</load_address>
         <run_address>0x1f728</run_address>
         <size>0x4de</size>
         <input_file_ref idref="fl-39"/>
      </object_component>
      <object_component id="oc-106">
         <name>.debug_info</name>
         <load_address>0x1fc06</load_address>
         <run_address>0x1fc06</run_address>
         <size>0xef</size>
         <input_file_ref idref="fl-3a"/>
      </object_component>
      <object_component id="oc-10a">
         <name>.debug_info</name>
         <load_address>0x1fcf5</load_address>
         <run_address>0x1fcf5</run_address>
         <size>0x5ab</size>
         <input_file_ref idref="fl-3b"/>
      </object_component>
      <object_component id="oc-10e">
         <name>.debug_info</name>
         <load_address>0x202a0</load_address>
         <run_address>0x202a0</run_address>
         <size>0x4f2</size>
         <input_file_ref idref="fl-3c"/>
      </object_component>
      <object_component id="oc-113">
         <name>.debug_info</name>
         <load_address>0x20792</load_address>
         <run_address>0x20792</run_address>
         <size>0xa1c</size>
         <input_file_ref idref="fl-3d"/>
      </object_component>
      <object_component id="oc-118">
         <name>.debug_info</name>
         <load_address>0x211ae</load_address>
         <run_address>0x211ae</run_address>
         <size>0x4d2</size>
         <input_file_ref idref="fl-3e"/>
      </object_component>
      <object_component id="oc-11d">
         <name>.debug_info</name>
         <load_address>0x21680</load_address>
         <run_address>0x21680</run_address>
         <size>0xba5</size>
         <input_file_ref idref="fl-3f"/>
      </object_component>
      <object_component id="oc-123">
         <name>.debug_info</name>
         <load_address>0x22225</load_address>
         <run_address>0x22225</run_address>
         <size>0x64f</size>
         <input_file_ref idref="fl-40"/>
      </object_component>
      <object_component id="oc-127">
         <name>.debug_info</name>
         <load_address>0x22874</load_address>
         <run_address>0x22874</run_address>
         <size>0x510</size>
         <input_file_ref idref="fl-41"/>
      </object_component>
      <object_component id="oc-14e">
         <name>.debug_info</name>
         <load_address>0x22d84</load_address>
         <run_address>0x22d84</run_address>
         <size>0x6e</size>
      </object_component>
      <object_component id="oc-17">
         <name>.debug_frame</name>
         <load_address>0x0</load_address>
         <run_address>0x0</run_address>
         <size>0x103</size>
         <input_file_ref idref="fl-2"/>
      </object_component>
      <object_component id="oc-1d">
         <name>.debug_frame</name>
         <load_address>0x103</load_address>
         <run_address>0x103</run_address>
         <size>0x172</size>
         <input_file_ref idref="fl-3"/>
      </object_component>
      <object_component id="oc-23">
         <name>.debug_frame</name>
         <load_address>0x275</load_address>
         <run_address>0x275</run_address>
         <size>0x103</size>
         <input_file_ref idref="fl-4"/>
      </object_component>
      <object_component id="oc-28">
         <name>.debug_frame</name>
         <load_address>0x378</load_address>
         <run_address>0x378</run_address>
         <size>0x13b</size>
         <input_file_ref idref="fl-5"/>
      </object_component>
      <object_component id="oc-30">
         <name>.debug_frame</name>
         <load_address>0x4b3</load_address>
         <run_address>0x4b3</run_address>
         <size>0xe3</size>
         <input_file_ref idref="fl-6"/>
      </object_component>
      <object_component id="oc-37">
         <name>.debug_frame</name>
         <load_address>0x596</load_address>
         <run_address>0x596</run_address>
         <size>0x25e</size>
         <input_file_ref idref="fl-7"/>
      </object_component>
      <object_component id="oc-3e">
         <name>.debug_frame</name>
         <load_address>0x7f4</load_address>
         <run_address>0x7f4</run_address>
         <size>0x118</size>
         <input_file_ref idref="fl-8"/>
      </object_component>
      <object_component id="oc-43">
         <name>.debug_frame</name>
         <load_address>0x90c</load_address>
         <run_address>0x90c</run_address>
         <size>0xe4</size>
         <input_file_ref idref="fl-9"/>
      </object_component>
      <object_component id="oc-48">
         <name>.debug_frame</name>
         <load_address>0x9f0</load_address>
         <run_address>0x9f0</run_address>
         <size>0x116</size>
         <input_file_ref idref="fl-a"/>
      </object_component>
      <object_component id="oc-4d">
         <name>.debug_frame</name>
         <load_address>0xb06</load_address>
         <run_address>0xb06</run_address>
         <size>0x135</size>
         <input_file_ref idref="fl-b"/>
      </object_component>
      <object_component id="oc-54">
         <name>.debug_frame</name>
         <load_address>0xc3b</load_address>
         <run_address>0xc3b</run_address>
         <size>0x14a</size>
         <input_file_ref idref="fl-c"/>
      </object_component>
      <object_component id="oc-59">
         <name>.debug_frame</name>
         <load_address>0xd85</load_address>
         <run_address>0xd85</run_address>
         <size>0x1d9</size>
         <input_file_ref idref="fl-d"/>
      </object_component>
      <object_component id="oc-5e">
         <name>.debug_frame</name>
         <load_address>0xf5e</load_address>
         <run_address>0xf5e</run_address>
         <size>0x175</size>
         <input_file_ref idref="fl-13"/>
      </object_component>
      <object_component id="oc-18">
         <name>.debug_line</name>
         <load_address>0x0</load_address>
         <run_address>0x0</run_address>
         <size>0x10e</size>
         <input_file_ref idref="fl-2"/>
      </object_component>
      <object_component id="oc-1e">
         <name>.debug_line</name>
         <load_address>0x10e</load_address>
         <run_address>0x10e</run_address>
         <size>0xfe</size>
         <input_file_ref idref="fl-3"/>
      </object_component>
      <object_component id="oc-24">
         <name>.debug_line</name>
         <load_address>0x20c</load_address>
         <run_address>0x20c</run_address>
         <size>0x20e</size>
         <input_file_ref idref="fl-4"/>
      </object_component>
      <object_component id="oc-29">
         <name>.debug_line</name>
         <load_address>0x41a</load_address>
         <run_address>0x41a</run_address>
         <size>0x1a9</size>
         <input_file_ref idref="fl-5"/>
      </object_component>
      <object_component id="oc-31">
         <name>.debug_line</name>
         <load_address>0x5c3</load_address>
         <run_address>0x5c3</run_address>
         <size>0x121</size>
         <input_file_ref idref="fl-6"/>
      </object_component>
      <object_component id="oc-38">
         <name>.debug_line</name>
         <load_address>0x6e4</load_address>
         <run_address>0x6e4</run_address>
         <size>0x513</size>
         <input_file_ref idref="fl-7"/>
      </object_component>
      <object_component id="oc-3f">
         <name>.debug_line</name>
         <load_address>0xbf7</load_address>
         <run_address>0xbf7</run_address>
         <size>0x1d5</size>
         <input_file_ref idref="fl-8"/>
      </object_component>
      <object_component id="oc-44">
         <name>.debug_line</name>
         <load_address>0xdcc</load_address>
         <run_address>0xdcc</run_address>
         <size>0x44</size>
         <input_file_ref idref="fl-9"/>
      </object_component>
      <object_component id="oc-49">
         <name>.debug_line</name>
         <load_address>0xe10</load_address>
         <run_address>0xe10</run_address>
         <size>0x83</size>
         <input_file_ref idref="fl-a"/>
      </object_component>
      <object_component id="oc-4e">
         <name>.debug_line</name>
         <load_address>0xe93</load_address>
         <run_address>0xe93</run_address>
         <size>0xdd</size>
         <input_file_ref idref="fl-b"/>
      </object_component>
      <object_component id="oc-55">
         <name>.debug_line</name>
         <load_address>0xf70</load_address>
         <run_address>0xf70</run_address>
         <size>0x122</size>
         <input_file_ref idref="fl-c"/>
      </object_component>
      <object_component id="oc-5a">
         <name>.debug_line</name>
         <load_address>0x1092</load_address>
         <run_address>0x1092</run_address>
         <size>0x179</size>
         <input_file_ref idref="fl-d"/>
      </object_component>
      <object_component id="oc-5f">
         <name>.debug_line</name>
         <load_address>0x120b</load_address>
         <run_address>0x120b</run_address>
         <size>0x2dd</size>
         <input_file_ref idref="fl-13"/>
      </object_component>
      <object_component id="oc-63">
         <name>.debug_line</name>
         <load_address>0x14e8</load_address>
         <run_address>0x14e8</run_address>
         <size>0x54</size>
         <input_file_ref idref="fl-14"/>
      </object_component>
      <object_component id="oc-6a">
         <name>.debug_line</name>
         <load_address>0x153c</load_address>
         <run_address>0x153c</run_address>
         <size>0x51</size>
         <input_file_ref idref="fl-15"/>
      </object_component>
      <object_component id="oc-6f">
         <name>.debug_line</name>
         <load_address>0x158d</load_address>
         <run_address>0x158d</run_address>
         <size>0xa6</size>
         <input_file_ref idref="fl-16"/>
      </object_component>
      <object_component id="oc-75">
         <name>.debug_line</name>
         <load_address>0x1633</load_address>
         <run_address>0x1633</run_address>
         <size>0x1b0</size>
         <input_file_ref idref="fl-17"/>
      </object_component>
      <object_component id="oc-79">
         <name>.debug_line</name>
         <load_address>0x17e3</load_address>
         <run_address>0x17e3</run_address>
         <size>0x54</size>
         <input_file_ref idref="fl-18"/>
      </object_component>
      <object_component id="oc-7d">
         <name>.debug_line</name>
         <load_address>0x1837</load_address>
         <run_address>0x1837</run_address>
         <size>0x69</size>
         <input_file_ref idref="fl-19"/>
      </object_component>
      <object_component id="oc-82">
         <name>.debug_line</name>
         <load_address>0x18a0</load_address>
         <run_address>0x18a0</run_address>
         <size>0x15e</size>
         <input_file_ref idref="fl-1a"/>
      </object_component>
      <object_component id="oc-88">
         <name>.debug_line</name>
         <load_address>0x19fe</load_address>
         <run_address>0x19fe</run_address>
         <size>0x6a</size>
         <input_file_ref idref="fl-1b"/>
      </object_component>
      <object_component id="oc-8c">
         <name>.debug_line</name>
         <load_address>0x1a68</load_address>
         <run_address>0x1a68</run_address>
         <size>0x37</size>
         <input_file_ref idref="fl-1c"/>
      </object_component>
      <object_component id="oc-90">
         <name>.debug_line</name>
         <load_address>0x1a9f</load_address>
         <run_address>0x1a9f</run_address>
         <size>0x57</size>
         <input_file_ref idref="fl-1d"/>
      </object_component>
      <object_component id="oc-96">
         <name>.debug_line</name>
         <load_address>0x1af6</load_address>
         <run_address>0x1af6</run_address>
         <size>0x57</size>
         <input_file_ref idref="fl-1e"/>
      </object_component>
      <object_component id="oc-9c">
         <name>.debug_line</name>
         <load_address>0x1b4d</load_address>
         <run_address>0x1b4d</run_address>
         <size>0x328</size>
         <input_file_ref idref="fl-1f"/>
      </object_component>
      <object_component id="oc-a0">
         <name>.debug_line</name>
         <load_address>0x1e75</load_address>
         <run_address>0x1e75</run_address>
         <size>0x41</size>
         <input_file_ref idref="fl-20"/>
      </object_component>
      <object_component id="oc-a4">
         <name>.debug_line</name>
         <load_address>0x1eb6</load_address>
         <run_address>0x1eb6</run_address>
         <size>0x46</size>
         <input_file_ref idref="fl-21"/>
      </object_component>
      <object_component id="oc-a8">
         <name>.debug_line</name>
         <load_address>0x1efc</load_address>
         <run_address>0x1efc</run_address>
         <size>0x55</size>
         <input_file_ref idref="fl-22"/>
      </object_component>
      <object_component id="oc-ac">
         <name>.debug_line</name>
         <load_address>0x1f51</load_address>
         <run_address>0x1f51</run_address>
         <size>0xad</size>
         <input_file_ref idref="fl-23"/>
      </object_component>
      <object_component id="oc-b6">
         <name>.debug_line</name>
         <load_address>0x1ffe</load_address>
         <run_address>0x1ffe</run_address>
         <size>0x5b</size>
         <input_file_ref idref="fl-26"/>
      </object_component>
      <object_component id="oc-ba">
         <name>.debug_line</name>
         <load_address>0x2059</load_address>
         <run_address>0x2059</run_address>
         <size>0x44</size>
         <input_file_ref idref="fl-27"/>
      </object_component>
      <object_component id="oc-be">
         <name>.debug_line</name>
         <load_address>0x209d</load_address>
         <run_address>0x209d</run_address>
         <size>0x5b</size>
         <input_file_ref idref="fl-28"/>
      </object_component>
      <object_component id="oc-c2">
         <name>.debug_line</name>
         <load_address>0x20f8</load_address>
         <run_address>0x20f8</run_address>
         <size>0x3d</size>
         <input_file_ref idref="fl-29"/>
      </object_component>
      <object_component id="oc-c6">
         <name>.debug_line</name>
         <load_address>0x2135</load_address>
         <run_address>0x2135</run_address>
         <size>0x3d</size>
         <input_file_ref idref="fl-2a"/>
      </object_component>
      <object_component id="oc-cb">
         <name>.debug_line</name>
         <load_address>0x2172</load_address>
         <run_address>0x2172</run_address>
         <size>0x44</size>
         <input_file_ref idref="fl-2b"/>
      </object_component>
      <object_component id="oc-cf">
         <name>.debug_line</name>
         <load_address>0x21b6</load_address>
         <run_address>0x21b6</run_address>
         <size>0x56</size>
         <input_file_ref idref="fl-2c"/>
      </object_component>
      <object_component id="oc-d3">
         <name>.debug_line</name>
         <load_address>0x220c</load_address>
         <run_address>0x220c</run_address>
         <size>0x40</size>
         <input_file_ref idref="fl-2d"/>
      </object_component>
      <object_component id="oc-d7">
         <name>.debug_line</name>
         <load_address>0x224c</load_address>
         <run_address>0x224c</run_address>
         <size>0x3c</size>
         <input_file_ref idref="fl-2e"/>
      </object_component>
      <object_component id="oc-db">
         <name>.debug_line</name>
         <load_address>0x2288</load_address>
         <run_address>0x2288</run_address>
         <size>0x38</size>
         <input_file_ref idref="fl-2f"/>
      </object_component>
      <object_component id="oc-df">
         <name>.debug_line</name>
         <load_address>0x22c0</load_address>
         <run_address>0x22c0</run_address>
         <size>0xa8</size>
         <input_file_ref idref="fl-30"/>
      </object_component>
      <object_component id="oc-e3">
         <name>.debug_line</name>
         <load_address>0x2368</load_address>
         <run_address>0x2368</run_address>
         <size>0x3c</size>
         <input_file_ref idref="fl-31"/>
      </object_component>
      <object_component id="oc-e7">
         <name>.debug_line</name>
         <load_address>0x23a4</load_address>
         <run_address>0x23a4</run_address>
         <size>0x40</size>
         <input_file_ref idref="fl-32"/>
      </object_component>
      <object_component id="oc-eb">
         <name>.debug_line</name>
         <load_address>0x23e4</load_address>
         <run_address>0x23e4</run_address>
         <size>0x3a</size>
         <input_file_ref idref="fl-33"/>
      </object_component>
      <object_component id="oc-ef">
         <name>.debug_line</name>
         <load_address>0x241e</load_address>
         <run_address>0x241e</run_address>
         <size>0x3c</size>
         <input_file_ref idref="fl-34"/>
      </object_component>
      <object_component id="oc-f3">
         <name>.debug_line</name>
         <load_address>0x245a</load_address>
         <run_address>0x245a</run_address>
         <size>0x37</size>
         <input_file_ref idref="fl-35"/>
      </object_component>
      <object_component id="oc-f7">
         <name>.debug_line</name>
         <load_address>0x2491</load_address>
         <run_address>0x2491</run_address>
         <size>0x3c</size>
         <input_file_ref idref="fl-36"/>
      </object_component>
      <object_component id="oc-fb">
         <name>.debug_line</name>
         <load_address>0x24cd</load_address>
         <run_address>0x24cd</run_address>
         <size>0x44</size>
         <input_file_ref idref="fl-37"/>
      </object_component>
      <object_component id="oc-ff">
         <name>.debug_line</name>
         <load_address>0x2511</load_address>
         <run_address>0x2511</run_address>
         <size>0x40</size>
         <input_file_ref idref="fl-38"/>
      </object_component>
      <object_component id="oc-103">
         <name>.debug_line</name>
         <load_address>0x2551</load_address>
         <run_address>0x2551</run_address>
         <size>0x37</size>
         <input_file_ref idref="fl-39"/>
      </object_component>
      <object_component id="oc-107">
         <name>.debug_line</name>
         <load_address>0x2588</load_address>
         <run_address>0x2588</run_address>
         <size>0x58</size>
         <input_file_ref idref="fl-3a"/>
      </object_component>
      <object_component id="oc-10b">
         <name>.debug_line</name>
         <load_address>0x25e0</load_address>
         <run_address>0x25e0</run_address>
         <size>0x5c</size>
         <input_file_ref idref="fl-3b"/>
      </object_component>
      <object_component id="oc-10f">
         <name>.debug_line</name>
         <load_address>0x263c</load_address>
         <run_address>0x263c</run_address>
         <size>0x3c</size>
         <input_file_ref idref="fl-3c"/>
      </object_component>
      <object_component id="oc-115">
         <name>.debug_line</name>
         <load_address>0x2678</load_address>
         <run_address>0x2678</run_address>
         <size>0xd7</size>
         <input_file_ref idref="fl-3d"/>
      </object_component>
      <object_component id="oc-119">
         <name>.debug_line</name>
         <load_address>0x274f</load_address>
         <run_address>0x274f</run_address>
         <size>0x3a</size>
         <input_file_ref idref="fl-3e"/>
      </object_component>
      <object_component id="oc-120">
         <name>.debug_line</name>
         <load_address>0x2789</load_address>
         <run_address>0x2789</run_address>
         <size>0x112</size>
         <input_file_ref idref="fl-3f"/>
      </object_component>
      <object_component id="oc-124">
         <name>.debug_line</name>
         <load_address>0x289b</load_address>
         <run_address>0x289b</run_address>
         <size>0x3d</size>
         <input_file_ref idref="fl-40"/>
      </object_component>
      <object_component id="oc-128">
         <name>.debug_line</name>
         <load_address>0x28d8</load_address>
         <run_address>0x28d8</run_address>
         <size>0x39</size>
         <input_file_ref idref="fl-41"/>
      </object_component>
      <object_component id="oc-19">
         <name>.debug_abbrev</name>
         <load_address>0x0</load_address>
         <run_address>0x0</run_address>
         <size>0x14c</size>
         <input_file_ref idref="fl-2"/>
      </object_component>
      <object_component id="oc-1f">
         <name>.debug_abbrev</name>
         <load_address>0x14c</load_address>
         <run_address>0x14c</run_address>
         <size>0x147</size>
         <input_file_ref idref="fl-3"/>
      </object_component>
      <object_component id="oc-25">
         <name>.debug_abbrev</name>
         <load_address>0x293</load_address>
         <run_address>0x293</run_address>
         <size>0xfd</size>
         <input_file_ref idref="fl-4"/>
      </object_component>
      <object_component id="oc-2a">
         <name>.debug_abbrev</name>
         <load_address>0x390</load_address>
         <run_address>0x390</run_address>
         <size>0xf4</size>
         <input_file_ref idref="fl-5"/>
      </object_component>
      <object_component id="oc-32">
         <name>.debug_abbrev</name>
         <load_address>0x484</load_address>
         <run_address>0x484</run_address>
         <size>0xf9</size>
         <input_file_ref idref="fl-6"/>
      </object_component>
      <object_component id="oc-39">
         <name>.debug_abbrev</name>
         <load_address>0x57d</load_address>
         <run_address>0x57d</run_address>
         <size>0x174</size>
         <input_file_ref idref="fl-7"/>
      </object_component>
      <object_component id="oc-40">
         <name>.debug_abbrev</name>
         <load_address>0x6f1</load_address>
         <run_address>0x6f1</run_address>
         <size>0xf5</size>
         <input_file_ref idref="fl-8"/>
      </object_component>
      <object_component id="oc-45">
         <name>.debug_abbrev</name>
         <load_address>0x7e6</load_address>
         <run_address>0x7e6</run_address>
         <size>0x87</size>
         <input_file_ref idref="fl-9"/>
      </object_component>
      <object_component id="oc-4a">
         <name>.debug_abbrev</name>
         <load_address>0x86d</load_address>
         <run_address>0x86d</run_address>
         <size>0xe7</size>
         <input_file_ref idref="fl-a"/>
      </object_component>
      <object_component id="oc-4f">
         <name>.debug_abbrev</name>
         <load_address>0x954</load_address>
         <run_address>0x954</run_address>
         <size>0x87</size>
         <input_file_ref idref="fl-b"/>
      </object_component>
      <object_component id="oc-56">
         <name>.debug_abbrev</name>
         <load_address>0x9db</load_address>
         <run_address>0x9db</run_address>
         <size>0xe0</size>
         <input_file_ref idref="fl-c"/>
      </object_component>
      <object_component id="oc-5b">
         <name>.debug_abbrev</name>
         <load_address>0xabb</load_address>
         <run_address>0xabb</run_address>
         <size>0xdc</size>
         <input_file_ref idref="fl-d"/>
      </object_component>
      <object_component id="oc-60">
         <name>.debug_abbrev</name>
         <load_address>0xb97</load_address>
         <run_address>0xb97</run_address>
         <size>0x23e</size>
         <input_file_ref idref="fl-13"/>
      </object_component>
      <object_component id="oc-64">
         <name>.debug_abbrev</name>
         <load_address>0xdd5</load_address>
         <run_address>0xdd5</run_address>
         <size>0x3a</size>
         <input_file_ref idref="fl-14"/>
      </object_component>
      <object_component id="oc-6b">
         <name>.debug_abbrev</name>
         <load_address>0xe0f</load_address>
         <run_address>0xe0f</run_address>
         <size>0xf7</size>
         <input_file_ref idref="fl-15"/>
      </object_component>
      <object_component id="oc-70">
         <name>.debug_abbrev</name>
         <load_address>0xf06</load_address>
         <run_address>0xf06</run_address>
         <size>0x140</size>
         <input_file_ref idref="fl-16"/>
      </object_component>
      <object_component id="oc-76">
         <name>.debug_abbrev</name>
         <load_address>0x1046</load_address>
         <run_address>0x1046</run_address>
         <size>0x225</size>
         <input_file_ref idref="fl-17"/>
      </object_component>
      <object_component id="oc-7a">
         <name>.debug_abbrev</name>
         <load_address>0x126b</load_address>
         <run_address>0x126b</run_address>
         <size>0x38</size>
         <input_file_ref idref="fl-18"/>
      </object_component>
      <object_component id="oc-7e">
         <name>.debug_abbrev</name>
         <load_address>0x12a3</load_address>
         <run_address>0x12a3</run_address>
         <size>0x145</size>
         <input_file_ref idref="fl-19"/>
      </object_component>
      <object_component id="oc-83">
         <name>.debug_abbrev</name>
         <load_address>0x13e8</load_address>
         <run_address>0x13e8</run_address>
         <size>0x15a</size>
         <input_file_ref idref="fl-1a"/>
      </object_component>
      <object_component id="oc-89">
         <name>.debug_abbrev</name>
         <load_address>0x1542</load_address>
         <run_address>0x1542</run_address>
         <size>0xde</size>
         <input_file_ref idref="fl-1b"/>
      </object_component>
      <object_component id="oc-8d">
         <name>.debug_abbrev</name>
         <load_address>0x1620</load_address>
         <run_address>0x1620</run_address>
         <size>0x26</size>
         <input_file_ref idref="fl-1c"/>
      </object_component>
      <object_component id="oc-91">
         <name>.debug_abbrev</name>
         <load_address>0x1646</load_address>
         <run_address>0x1646</run_address>
         <size>0xd1</size>
         <input_file_ref idref="fl-1d"/>
      </object_component>
      <object_component id="oc-97">
         <name>.debug_abbrev</name>
         <load_address>0x1717</load_address>
         <run_address>0x1717</run_address>
         <size>0x9f</size>
         <input_file_ref idref="fl-1e"/>
      </object_component>
      <object_component id="oc-9d">
         <name>.debug_abbrev</name>
         <load_address>0x17b6</load_address>
         <run_address>0x17b6</run_address>
         <size>0x1f8</size>
         <input_file_ref idref="fl-1f"/>
      </object_component>
      <object_component id="oc-a1">
         <name>.debug_abbrev</name>
         <load_address>0x19ae</load_address>
         <run_address>0x19ae</run_address>
         <size>0xec</size>
         <input_file_ref idref="fl-20"/>
      </object_component>
      <object_component id="oc-a5">
         <name>.debug_abbrev</name>
         <load_address>0x1a9a</load_address>
         <run_address>0x1a9a</run_address>
         <size>0xd5</size>
         <input_file_ref idref="fl-21"/>
      </object_component>
      <object_component id="oc-a9">
         <name>.debug_abbrev</name>
         <load_address>0x1b6f</load_address>
         <run_address>0x1b6f</run_address>
         <size>0x44</size>
         <input_file_ref idref="fl-22"/>
      </object_component>
      <object_component id="oc-ad">
         <name>.debug_abbrev</name>
         <load_address>0x1bb3</load_address>
         <run_address>0x1bb3</run_address>
         <size>0xb7</size>
         <input_file_ref idref="fl-23"/>
      </object_component>
      <object_component id="oc-af">
         <name>.debug_abbrev</name>
         <load_address>0x1c6a</load_address>
         <run_address>0x1c6a</run_address>
         <size>0x68</size>
         <input_file_ref idref="fl-24"/>
      </object_component>
      <object_component id="oc-b3">
         <name>.debug_abbrev</name>
         <load_address>0x1cd2</load_address>
         <run_address>0x1cd2</run_address>
         <size>0x83</size>
         <input_file_ref idref="fl-25"/>
      </object_component>
      <object_component id="oc-b7">
         <name>.debug_abbrev</name>
         <load_address>0x1d55</load_address>
         <run_address>0x1d55</run_address>
         <size>0x112</size>
         <input_file_ref idref="fl-26"/>
      </object_component>
      <object_component id="oc-bb">
         <name>.debug_abbrev</name>
         <load_address>0x1e67</load_address>
         <run_address>0x1e67</run_address>
         <size>0xb5</size>
         <input_file_ref idref="fl-27"/>
      </object_component>
      <object_component id="oc-bf">
         <name>.debug_abbrev</name>
         <load_address>0x1f1c</load_address>
         <run_address>0x1f1c</run_address>
         <size>0x136</size>
         <input_file_ref idref="fl-28"/>
      </object_component>
      <object_component id="oc-c3">
         <name>.debug_abbrev</name>
         <load_address>0x2052</load_address>
         <run_address>0x2052</run_address>
         <size>0x8f</size>
         <input_file_ref idref="fl-29"/>
      </object_component>
      <object_component id="oc-c7">
         <name>.debug_abbrev</name>
         <load_address>0x20e1</load_address>
         <run_address>0x20e1</run_address>
         <size>0xb7</size>
         <input_file_ref idref="fl-2a"/>
      </object_component>
      <object_component id="oc-cc">
         <name>.debug_abbrev</name>
         <load_address>0x2198</load_address>
         <run_address>0x2198</run_address>
         <size>0xc2</size>
         <input_file_ref idref="fl-2b"/>
      </object_component>
      <object_component id="oc-d0">
         <name>.debug_abbrev</name>
         <load_address>0x225a</load_address>
         <run_address>0x225a</run_address>
         <size>0x103</size>
         <input_file_ref idref="fl-2c"/>
      </object_component>
      <object_component id="oc-d4">
         <name>.debug_abbrev</name>
         <load_address>0x235d</load_address>
         <run_address>0x235d</run_address>
         <size>0x9a</size>
         <input_file_ref idref="fl-2d"/>
      </object_component>
      <object_component id="oc-d8">
         <name>.debug_abbrev</name>
         <load_address>0x23f7</load_address>
         <run_address>0x23f7</run_address>
         <size>0xd1</size>
         <input_file_ref idref="fl-2e"/>
      </object_component>
      <object_component id="oc-dc">
         <name>.debug_abbrev</name>
[...]
         <object_component_ref idref="oc-4b"/>
      </symbol>
      <symbol id="sm-248">
         <name>_USBSTK5515_GPIO_getInput</name>
         <value>0x251f3</value>
         <object_component_ref idref="oc-4b"/>
      </symbol>
      <symbol id="sm-271">
         <name>_USBSTK5515_I2C_close</name>
         <value>0x253b5</value>
         <object_component_ref idref="oc-50"/>
      </symbol>
      <symbol id="sm-272">
         <name>_USBSTK5515_I2C_read</name>
         <value>0x2545b</value>
         <object_component_ref idref="oc-50"/>
      </symbol>
      <symbol id="sm-273">
         <name>_USBSTK5515_I2C_write</name>
         <value>0x253cc</value>
         <object_component_ref idref="oc-50"/>
      </symbol>
      <symbol id="sm-274">
         <name>_USBSTK5515_I2C_reset</name>
         <value>0x253be</value>
         <object_component_ref idref="oc-50"/>
      </symbol>
      <symbol id="sm-275">
         <name>_USBSTK5515_I2C_init</name>
         <value>0x25396</value>
         <object_component_ref idref="oc-50"/>
      </symbol>
      <symbol id="sm-292">
         <name>_USBSTK5515_ULED_toggle</name>
         <value>0x24f35</value>
         <object_component_ref idref="oc-57"/>
      </symbol>
      <symbol id="sm-293">
         <name>_USBSTK5515_LED_on</name>
         <value>0x24dbc</value>
         <object_component_ref idref="oc-57"/>
      </symbol>
      <symbol id="sm-294">
         <name>_USBSTK5515_LED_off</name>
         <value>0x24dcd</value>
         <object_component_ref idref="oc-57"/>
      </symbol>
      <symbol id="sm-295">
         <name>_USBSTK5515_ULED_on</name>
         <value>0x24ecd</value>
         <object_component_ref idref="oc-57"/>
      </symbol>
      <symbol id="sm-296">
         <name>_USBSTK5515_ULED_off</name>
         <value>0x24f02</value>
         <object_component_ref idref="oc-57"/>
      </symbol>
      <symbol id="sm-297">
         <name>_USBSTK5515_ULED_getall</name>
         <value>0x24e0d</value>
         <object_component_ref idref="oc-57"/>
      </symbol>
      <symbol id="sm-298">
         <name>_USBSTK5515_ULED_setall</name>
         <value>0x24e5f</value>
         <object_component_ref idref="oc-57"/>
      </symbol>
      <symbol id="sm-299">
         <name>_USBSTK5515_ULED_init</name>
         <value>0x24dde</value>
         <object_component_ref idref="oc-57"/>
      </symbol>
      <symbol id="sm-29a">
         <name>_USBSTK5515_LED_init</name>
         <value>0x24db1</value>
         <object_component_ref idref="oc-57"/>
      </symbol>
      <symbol id="sm-2bf">
         <name>_PLL_reset</name>
         <value>0x23f3b</value>
         <object_component_ref idref="oc-5c"/>
      </symbol>
      <symbol id="sm-2c0">
         <name>_PLL_bypass</name>
         <value>0x23eec</value>
         <object_component_ref idref="oc-5c"/>
      </symbol>
      <symbol id="sm-2c1">
         <name>_PLL_enable</name>
         <value>0x23e85</value>
         <object_component_ref idref="oc-5c"/>
      </symbol>
      <symbol id="sm-2c2">
         <name>_PLL_config</name>
         <value>0x23d5c</value>
         <object_component_ref idref="oc-5c"/>
      </symbol>
      <symbol id="sm-2c3">
         <name>_PLL_init</name>
         <value>0x23d24</value>
         <object_component_ref idref="oc-5c"/>
      </symbol>
      <symbol id="sm-2cf">
         <name>__sysstack</name>
         <value>0x20c0</value>
         <object_component_ref idref="oc-12a"/>
      </symbol>
      <symbol id="sm-2d0">
         <name>_c_int00</name>
         <value>0x2613e</value>
         <object_component_ref idref="oc-10"/>
      </symbol>
      <symbol id="sm-2d1">
         <name>__stack</name>
         <value>0xc0</value>
         <object_component_ref idref="oc-61"/>
      </symbol>
      <symbol id="sm-2e1">
         <name>C$$EXIT</name>
         <value>0x26272</value>
         <object_component_ref idref="oc-69"/>
      </symbol>
      <symbol id="sm-2e2">
         <name>_exit</name>
         <value>0x26100</value>
         <object_component_ref idref="oc-65"/>
      </symbol>
      <symbol id="sm-2e3">
         <name>_abort</name>
         <value>0x26271</value>
         <object_component_ref idref="oc-69"/>
      </symbol>
      <symbol id="sm-2e4">
         <name>__cleanup_ptr</name>
         <value>0x6a7c</value>
         <object_component_ref idref="oc-66"/>
      </symbol>
      <symbol id="sm-2e5">
         <name>__dtors_ptr</name>
         <value>0x6a80</value>
         <object_component_ref idref="oc-66"/>
      </symbol>
      <symbol id="sm-2f1">
         <name>_puts</name>
         <value>0x250c9</value>
         <object_component_ref idref="oc-6c"/>
      </symbol>
      <symbol id="sm-2f2">
         <name>_fputs</name>
         <value>0x24f7a</value>
         <object_component_ref idref="oc-6c"/>
      </symbol>
      <symbol id="sm-303">
         <name>_add_device</name>
         <value>0x23255</value>
         <object_component_ref idref="oc-71"/>
      </symbol>
      <symbol id="sm-304">
         <name>_rename</name>
         <value>0x22f86</value>
         <object_component_ref idref="oc-71"/>
      </symbol>
      <symbol id="sm-305">
         <name>_read</name>
         <value>0x23011</value>
         <object_component_ref idref="oc-71"/>
      </symbol>
      <symbol id="sm-306">
         <name>_unlink</name>
         <value>0x22f52</value>
         <object_component_ref idref="oc-71"/>
      </symbol>
      <symbol id="sm-307">
         <name>_remove_device</name>
         <value>0x22fdd</value>
         <object_component_ref idref="oc-71"/>
      </symbol>
      <symbol id="sm-308">
         <name>_open</name>
         <value>0x230bb</value>
         <object_component_ref idref="oc-71"/>
      </symbol>
      <symbol id="sm-309">
         <name>_find_registered_device</name>
         <value>0x231dc</value>
         <object_component_ref idref="oc-71"/>
      </symbol>
      <symbol id="sm-30a">
         <name>_lseek</name>
         <value>0x23178</value>
         <object_component_ref idref="oc-71"/>
      </symbol>
      <symbol id="sm-30b">
         <name>_close</name>
         <value>0x231e5</value>
         <object_component_ref idref="oc-71"/>
      </symbol>
      <symbol id="sm-30c">
         <name>_write</name>
         <value>0x22e25</value>
         <object_component_ref idref="oc-71"/>
      </symbol>
      <symbol id="sm-316">
         <name>_memcpy</name>
         <value>0x25edf</value>
         <object_component_ref idref="oc-77"/>
      </symbol>
      <symbol id="sm-320">
         <name>_printf</name>
         <value>0x25f89</value>
         <object_component_ref idref="oc-7b"/>
      </symbol>
      <symbol id="sm-32c">
         <name>_HOSTopen</name>
         <value>0x221b1</value>
         <object_component_ref idref="oc-7f"/>
      </symbol>
      <symbol id="sm-32d">
         <name>_HOSTread</name>
         <value>0x22126</value>
         <object_component_ref idref="oc-7f"/>
      </symbol>
      <symbol id="sm-32e">
         <name>_HOSTtime</name>
         <value>0x2200f</value>
         <object_component_ref idref="oc-7f"/>
      </symbol>
      <symbol id="sm-32f">
         <name>_getenv</name>
         <value>0x21e98</value>
         <object_component_ref idref="oc-7f"/>
      </symbol>
      <symbol id="sm-330">
         <name>_HOSTrename</name>
         <value>0x2206d</value>
         <object_component_ref idref="oc-7f"/>
      </symbol>
      <symbol id="sm-331">
         <name>_HOSTclock</name>
         <value>0x22372</value>
         <object_component_ref idref="oc-7f"/>
      </symbol>
      <symbol id="sm-332">
         <name>_HOSTwrite</name>
         <value>0x21f18</value>
         <object_component_ref idref="oc-7f"/>
      </symbol>
      <symbol id="sm-333">
         <name>_HOSTlseek</name>
         <value>0x22252</value>
         <object_component_ref idref="oc-7f"/>
      </symbol>
      <symbol id="sm-334">
         <name>_HOSTunlink</name>
         <value>0x21fa3</value>
         <object_component_ref idref="oc-7f"/>
      </symbol>
      <symbol id="sm-335">
         <name>_HOSTclose</name>
         <value>0x22307</value>
         <object_component_ref idref="oc-7f"/>
      </symbol>
      <symbol id="sm-347">
         <name>C$$IO$$</name>
         <value>0x25895</value>
         <object_component_ref idref="oc-87"/>
      </symbol>
      <symbol id="sm-348">
         <name>__CIOBUF_</name>
         <value>0x40740</value>
         <object_component_ref idref="oc-86"/>
      </symbol>
      <symbol id="sm-349">
         <name>_readmsg</name>
         <value>0x25d4c</value>
         <object_component_ref idref="oc-84"/>
      </symbol>
      <symbol id="sm-34a">
         <name>_writemsg</name>
         <value>0x257dc</value>
         <object_component_ref idref="oc-87"/>
      </symbol>
      <symbol id="sm-354">
         <name>_Reset</name>
         <value>0x4fe00</value>
         <object_component_ref idref="oc-11"/>
      </symbol>
      <symbol id="sm-35e">
         <name>__rd_ok</name>
         <value>0x2577f</value>
         <object_component_ref idref="oc-8e"/>
      </symbol>
      <symbol id="sm-35f">
         <name>__wrt_ok</name>
         <value>0x25702</value>
         <object_component_ref idref="oc-8e"/>
      </symbol>
      <symbol id="sm-36d">
         <name>__unlock</name>
         <value>0x6a78</value>
         <object_component_ref idref="oc-93"/>
      </symbol>
      <symbol id="sm-36e">
         <name>__lock</name>
         <value>0x6a74</value>
         <object_component_ref idref="oc-93"/>
      </symbol>
      <symbol id="sm-36f">
         <name>__register_lock</name>
         <value>0x2624d</value>
         <object_component_ref idref="oc-92"/>
      </symbol>
      <symbol id="sm-370">
         <name>__nop</name>
         <value>0x26255</value>
         <object_component_ref idref="oc-92"/>
      </symbol>
      <symbol id="sm-371">
         <name>__register_unlock</name>
         <value>0x26245</value>
         <object_component_ref idref="oc-92"/>
      </symbol>
      <symbol id="sm-383">
         <name>__printfi</name>
         <value>0x21315</value>
         <object_component_ref idref="oc-98"/>
      </symbol>
      <symbol id="sm-38d">
         <name>__args_main</name>
         <value>0x2606f</value>
         <object_component_ref idref="oc-9e"/>
      </symbol>
      <symbol id="sm-38e">
         <name>__TI_args_main</name>
         <value>0x1</value>
      </symbol>
      <symbol id="sm-398">
         <name>_atoi</name>
         <value>0x25e86</value>
         <object_component_ref idref="oc-a2"/>
      </symbol>
      <symbol id="sm-3a0">
         <name>_auto_init</name>
         <value>0x25fd7</value>
         <object_component_ref idref="oc-a6"/>
      </symbol>
      <symbol id="sm-3aa">
         <name>__eqld</name>
         <value>0x24d25</value>
         <object_component_ref idref="oc-aa"/>
      </symbol>
      <symbol id="sm-3ab">
         <name>__cmpd</name>
         <value>0x24d59</value>
         <object_component_ref idref="oc-aa"/>
      </symbol>
      <symbol id="sm-3ac">
         <name>__neqd</name>
         <value>0x24bc7</value>
         <object_component_ref idref="oc-aa"/>
      </symbol>
      <symbol id="sm-3ad">
         <name>__gtrd</name>
         <value>0x24c90</value>
         <object_component_ref idref="oc-aa"/>
      </symbol>
      <symbol id="sm-3ae">
         <name>__geqd</name>
         <value>0x24cdb</value>
         <object_component_ref idref="oc-aa"/>
      </symbol>
      <symbol id="sm-3af">
         <name>__leqd</name>
         <value>0x24c43</value>
         <object_component_ref idref="oc-aa"/>
      </symbol>
      <symbol id="sm-3b0">
         <name>__lssd</name>
         <value>0x24bfb</value>
         <object_component_ref idref="oc-aa"/>
      </symbol>
      <symbol id="sm-3b8">
         <name>__ctypes_</name>
         <value>0x5d50</value>
         <object_component_ref idref="oc-12b"/>
      </symbol>
      <symbol id="sm-3c2">
         <name>__tmpnams</name>
         <value>0x6600</value>
         <object_component_ref idref="oc-b0"/>
      </symbol>
      <symbol id="sm-3c3">
         <name>__ft_end</name>
         <value>0x6740</value>
         <object_component_ref idref="oc-b0"/>
      </symbol>
      <symbol id="sm-3c4">
         <name>__ftable</name>
         <value>0x6510</value>
         <object_component_ref idref="oc-b0"/>
      </symbol>
      <symbol id="sm-3d0">
         <name>__divd</name>
         <value>0x2333d</value>
         <object_component_ref idref="oc-b4"/>
      </symbol>
      <symbol id="sm-3db">
         <name>__divul</name>
         <value>0x259f6</value>
         <object_component_ref idref="oc-b8"/>
      </symbol>
      <symbol id="sm-3e5">
         <name>__doflush</name>
         <value>0x2589a</value>
         <object_component_ref idref="oc-bc"/>
      </symbol>
      <symbol id="sm-3e6">
         <name>_fflush</name>
         <value>0x258fc</value>
         <object_component_ref idref="oc-bc"/>
      </symbol>
      <symbol id="sm-3f0">
         <name>__fixdi</name>
         <value>0x26172</value>
         <object_component_ref idref="oc-c0"/>
      </symbol>
      <symbol id="sm-3fa">
         <name>__fixdli</name>
         <value>0x25cde</value>
         <object_component_ref idref="oc-c4"/>
      </symbol>
      <symbol id="sm-406">
         <name>__fltlid</name>
         <value>0x25e1f</value>
         <object_component_ref idref="oc-c8"/>
      </symbol>
      <symbol id="sm-410">
         <name>_putchar</name>
         <value>0x259e7</value>
         <object_component_ref idref="oc-cd"/>
      </symbol>
      <symbol id="sm-411">
         <name>_putc</name>
         <value>0x25954</value>
         <object_component_ref idref="oc-cd"/>
      </symbol>
      <symbol id="sm-412">
         <name>_fputc</name>
         <value>0x25954</value>
         <object_component_ref idref="oc-cd"/>
      </symbol>
      <symbol id="sm-41c">
         <name>__frcmpyd_div</name>
         <value>0x25bfb</value>
         <object_component_ref idref="oc-d1"/>
      </symbol>
      <symbol id="sm-426">
         <name>_fseek</name>
         <value>0x25db7</value>
         <object_component_ref idref="oc-d5"/>
      </symbol>
      <symbol id="sm-430">
         <name>___isinf</name>
         <value>0x26204</value>
         <object_component_ref idref="oc-d9"/>
      </symbol>
      <symbol id="sm-43a">
         <name>__divull</name>
         <value>0x24848</value>
         <object_component_ref idref="oc-dd"/>
      </symbol>
      <symbol id="sm-43b">
         <name>__mpylli</name>
         <value>0x24791</value>
         <object_component_ref idref="oc-dd"/>
      </symbol>
      <symbol id="sm-43c">
         <name>__remlli</name>
         <value>0x24762</value>
         <object_component_ref idref="oc-dd"/>
      </symbol>
      <symbol id="sm-43d">
         <name>__divlli</name>
         <value>0x2493c</value>
         <object_component_ref idref="oc-dd"/>
      </symbol>
      <symbol id="sm-43e">
         <name>__remull</name>
         <value>0x24714</value>
         <object_component_ref idref="oc-dd"/>
      </symbol>
      <symbol id="sm-446">
         <name>__mpyli</name>
         <value>0x26232</value>
         <object_component_ref idref="oc-e1"/>
      </symbol>
      <symbol id="sm-447">
         <name>I$$LMPY</name>
         <value>0x26232</value>
         <object_component_ref idref="oc-e1"/>
      </symbol>
      <symbol id="sm-451">
         <name>_ltoa</name>
         <value>0x25a96</value>
         <object_component_ref idref="oc-e5"/>
      </symbol>
      <symbol id="sm-45c">
         <name>_memccpy</name>
         <value>0x261c6</value>
         <object_component_ref idref="oc-e9"/>
      </symbol>
      <symbol id="sm-466">
         <name>__mpyd</name>
         <value>0x2524b</value>
         <object_component_ref idref="oc-ed"/>
      </symbol>
      <symbol id="sm-470">
         <name>__negd</name>
         <value>0x26257</value>
         <object_component_ref idref="oc-f1"/>
      </symbol>
      <symbol id="sm-47a">
         <name>__remli</name>
         <value>0x26024</value>
         <object_component_ref idref="oc-f5"/>
      </symbol>
      <symbol id="sm-485">
         <name>__remul</name>
         <value>0x25c6e</value>
         <object_component_ref idref="oc-f9"/>
      </symbol>
      <symbol id="sm-48f">
         <name>_setvbuf</name>
         <value>0x2560f</value>
         <object_component_ref idref="oc-fd"/>
      </symbol>
      <symbol id="sm-499">
         <name>__subd</name>
         <value>0x2621e</value>
         <object_component_ref idref="oc-101"/>
      </symbol>
      <symbol id="sm-4a1">
         <name>__remu</name>
         <value>0x261b1</value>
         <object_component_ref idref="oc-105"/>
      </symbol>
      <symbol id="sm-4a2">
         <name>__divu</name>
         <value>0x2619c</value>
         <object_component_ref idref="oc-105"/>
      </symbol>
      <symbol id="sm-4a3">
         <name>I$$UMOD</name>
         <value>0x261b1</value>
         <object_component_ref idref="oc-105"/>
      </symbol>
      <symbol id="sm-4a4">
         <name>I$$UDIV</name>
         <value>0x2619c</value>
         <object_component_ref idref="oc-105"/>
      </symbol>
      <symbol id="sm-4ae">
         <name>__addd</name>
         <value>0x24970</value>
         <object_component_ref idref="oc-109"/>
      </symbol>
      <symbol id="sm-4b8">
         <name>__divli</name>
         <value>0x260b8</value>
         <object_component_ref idref="oc-10d"/>
      </symbol>
      <symbol id="sm-4c7">
         <name>__cleanup</name>
         <value>0x24361</value>
         <object_component_ref idref="oc-111"/>
      </symbol>
      <symbol id="sm-4c8">
         <name>_fopen</name>
         <value>0x2447f</value>
         <object_component_ref idref="oc-111"/>
      </symbol>
      <symbol id="sm-4c9">
         <name>_freopen</name>
         <value>0x243b9</value>
         <object_component_ref idref="oc-111"/>
      </symbol>
      <symbol id="sm-4d3">
         <name>__frcmpyd</name>
         <value>0x25b85</value>
         <object_component_ref idref="oc-117"/>
      </symbol>
      <symbol id="sm-4e3">
         <name>__sys_memory</name>
         <value>0x30c0</value>
         <object_component_ref idref="oc-11f"/>
      </symbol>
      <symbol id="sm-4e4">
         <name>_chkheap</name>
         <value>0x228af</value>
         <object_component_ref idref="oc-11b"/>
      </symbol>
      <symbol id="sm-4e5">
         <name>_realloc</name>
         <value>0x22615</value>
         <object_component_ref idref="oc-11b"/>
      </symbol>
      <symbol id="sm-4e6">
         <name>_free_memory</name>
         <value>0x22848</value>
         <object_component_ref idref="oc-11b"/>
      </symbol>
      <symbol id="sm-4e7">
         <name>_max_free</name>
         <value>0x227de</value>
         <object_component_ref idref="oc-11b"/>
      </symbol>
      <symbol id="sm-4e8">
         <name>_free</name>
         <value>0x223d0</value>
         <object_component_ref idref="oc-11b"/>
      </symbol>
      <symbol id="sm-4e9">
         <name>_calloc</name>
         <value>0x228b7</value>
         <object_component_ref idref="oc-11b"/>
      </symbol>
      <symbol id="sm-4ea">
         <name>_malloc</name>
         <value>0x22514</value>
         <object_component_ref idref="oc-11b"/>
      </symbol>
      <symbol id="sm-4eb">
         <name>_minit</name>
         <value>0x224a2</value>
         <object_component_ref idref="oc-11b"/>
      </symbol>
      <symbol id="sm-4f5">
         <name>_fclose</name>
         <value>0x25b0f</value>
         <object_component_ref idref="oc-122"/>
      </symbol>
      <symbol id="sm-4ff">
         <name>_remove</name>
         <value>0x26267</value>
         <object_component_ref idref="oc-126"/>
      </symbol>
   </symbol_table>
</link_info>
